graph: { title: "/home/jon/Documents/Project-VE3140-Fall/Ada_Drivers_Library/middleware/src/BLE/bluetooth_low_energy-beacon.adb"
node: { title: "bluetooth_low_energy__beacon__make_beacon_packet" label: "Make_Beacon_Packet\n/home/jon/Documents/Project-VE3140-Fall/Ada_Drivers_Library/middleware/src/BLE/bluetooth_low_energy-beacon.adb:35:4\n88 bytes (static)" }
node: { title: "bluetooth_low_energy__packets__ble_packetIP" label: "Ble_Packetip\n/home/jon/Documents/Project-VE3140-Fall/Ada_Drivers_Library/middleware/src/BLE/bluetooth_low_energy-packets.ads:74:9" shape : ellipse }
edge: { sourcename: "bluetooth_low_energy__beacon__make_beacon_packet" targetname: "bluetooth_low_energy__packets__ble_packetIP" label: "/home/jon/Documents/Project-VE3140-Fall/Ada_Drivers_Library/middleware/src/BLE/bluetooth_low_energy-beacon.adb:41:7" }
node: { title: "bluetooth_low_energy__packets__set_header" label: "Set_Header\n/home/jon/Documents/Project-VE3140-Fall/Ada_Drivers_Library/middleware/src/BLE/bluetooth_low_energy-packets.ads:42:14" shape : ellipse }
edge: { sourcename: "bluetooth_low_energy__beacon__make_beacon_packet" targetname: "bluetooth_low_energy__packets__set_header" label: "/home/jon/Documents/Project-VE3140-Fall/Ada_Drivers_Library/middleware/src/BLE/bluetooth_low_energy-beacon.adb:43:7" }
node: { title: "bluetooth_low_energy__packets__push__5" label: "Push\n/home/jon/Documents/Project-VE3140-Fall/Ada_Drivers_Library/middleware/src/BLE/bluetooth_low_energy-packets.ads:57:14" shape : ellipse }
edge: { sourcename: "bluetooth_low_energy__beacon__make_beacon_packet" targetname: "bluetooth_low_energy__packets__push__5" label: "/home/jon/Documents/Project-VE3140-Fall/Ada_Drivers_Library/middleware/src/BLE/bluetooth_low_energy-beacon.adb:45:7" }
node: { title: "bluetooth_low_energy__packets__push" label: "Push\n/home/jon/Documents/Project-VE3140-Fall/Ada_Drivers_Library/middleware/src/BLE/bluetooth_low_energy-packets.ads:45:14" shape : ellipse }
edge: { sourcename: "bluetooth_low_energy__beacon__make_beacon_packet" targetname: "bluetooth_low_energy__packets__push" label: "/home/jon/Documents/Project-VE3140-Fall/Ada_Drivers_Library/middleware/src/BLE/bluetooth_low_energy-beacon.adb:47:7" }
edge: { sourcename: "bluetooth_low_energy__beacon__make_beacon_packet" targetname: "bluetooth_low_energy__packets__push" label: "/home/jon/Documents/Project-VE3140-Fall/Ada_Drivers_Library/middleware/src/BLE/bluetooth_low_energy-beacon.adb:49:7" }
edge: { sourcename: "bluetooth_low_energy__beacon__make_beacon_packet" targetname: "bluetooth_low_energy__packets__push" label: "/home/jon/Documents/Project-VE3140-Fall/Ada_Drivers_Library/middleware/src/BLE/bluetooth_low_energy-beacon.adb:51:7" }
edge: { sourcename: "bluetooth_low_energy__beacon__make_beacon_packet" targetname: "bluetooth_low_energy__packets__push" label: "/home/jon/Documents/Project-VE3140-Fall/Ada_Drivers_Library/middleware/src/BLE/bluetooth_low_energy-beacon.adb:53:7" }
edge: { sourcename: "bluetooth_low_energy__beacon__make_beacon_packet" targetname: "bluetooth_low_energy__packets__push" label: "/home/jon/Documents/Project-VE3140-Fall/Ada_Drivers_Library/middleware/src/BLE/bluetooth_low_energy-beacon.adb:55:7" }
edge: { sourcename: "bluetooth_low_energy__beacon__make_beacon_packet" targetname: "bluetooth_low_energy__packets__push__5" label: "/home/jon/Documents/Project-VE3140-Fall/Ada_Drivers_Library/middleware/src/BLE/bluetooth_low_energy-beacon.adb:57:7" }
node: { title: "bluetooth_low_energy__packets__push_uuid" label: "Push_Uuid\n/home/jon/Documents/Project-VE3140-Fall/Ada_Drivers_Library/middleware/src/BLE/bluetooth_low_energy-packets.ads:60:14" shape : ellipse }
edge: { sourcename: "bluetooth_low_energy__beacon__make_beacon_packet" targetname: "bluetooth_low_energy__packets__push_uuid" label: "/home/jon/Documents/Project-VE3140-Fall/Ada_Drivers_Library/middleware/src/BLE/bluetooth_low_energy-beacon.adb:59:7" }
node: { title: "bluetooth_low_energy__packets__push__3" label: "Push\n/home/jon/Documents/Project-VE3140-Fall/Ada_Drivers_Library/middleware/src/BLE/bluetooth_low_energy-packets.ads:51:14" shape : ellipse }
edge: { sourcename: "bluetooth_low_energy__beacon__make_beacon_packet" targetname: "bluetooth_low_energy__packets__push__3" label: "/home/jon/Documents/Project-VE3140-Fall/Ada_Drivers_Library/middleware/src/BLE/bluetooth_low_energy-beacon.adb:61:7" }
edge: { sourcename: "bluetooth_low_energy__beacon__make_beacon_packet" targetname: "bluetooth_low_energy__packets__push__3" label: "/home/jon/Documents/Project-VE3140-Fall/Ada_Drivers_Library/middleware/src/BLE/bluetooth_low_energy-beacon.adb:63:7" }
node: { title: "bluetooth_low_energy__packets__push__2" label: "Push\n/home/jon/Documents/Project-VE3140-Fall/Ada_Drivers_Library/middleware/src/BLE/bluetooth_low_energy-packets.ads:48:14" shape : ellipse }
edge: { sourcename: "bluetooth_low_energy__beacon__make_beacon_packet" targetname: "bluetooth_low_energy__packets__push__2" label: "/home/jon/Documents/Project-VE3140-Fall/Ada_Drivers_Library/middleware/src/BLE/bluetooth_low_energy-beacon.adb:65:7" }
node: { title: "/home/jon/Documents/Project-VE3140-Fall/Ada_Drivers_Library/middleware/src/BLE/bluetooth_low_energy-beacon.adb:_GLOBAL__SZ7_bluetooth_low_energy__beacon" label: "Beacon\n/home/jon/Documents/Project-VE3140-Fall/Ada_Drivers_Library/middleware/src/BLE/bluetooth_low_energy.ads:62:51\n16 bytes (static)" }
}
