graph: { title: "/home/jon/Documents/Project-VE3140-Fall/Ada_Drivers_Library/arch/ARM/cortex_m/src/cm4f/cortex_m_svd-fpu.ads"
node: { title: "cortex_m_svd__fpu__cpacr_cp10_fieldRP" label: "Cpacr_Cp10_Fieldrp\n/home/jon/Documents/Project-VE3140-Fall/Ada_Drivers_Library/arch/ARM/cortex_m/src/cm4f/cortex_m_svd-fpu.ads:19:9\n16 bytes (static)" }
node: { title: "__gnat_rcheck_CE_Invalid_Data" label: "gnat_rcheck_CE_Invalid_Data\n<built-in>" shape : ellipse }
edge: { sourcename: "cortex_m_svd__fpu__cpacr_cp10_fieldRP" targetname: "__gnat_rcheck_CE_Invalid_Data" label: "/home/jon/Documents/Project-VE3140-Fall/Ada_Drivers_Library/arch/ARM/cortex_m/src/cm4f/cortex_m_svd-fpu.ads:19:9" }
node: { title: "cortex_m_svd__fpu__Tcpacr_cp_field_arrayBIP" label: "Tcpacr_Cp_Field_Arraybip\n/home/jon/Documents/Project-VE3140-Fall/Ada_Drivers_Library/arch/ARM/cortex_m/src/cm4f/cortex_m_svd-fpu.ads:35:4\n16 bytes (static)" }
node: { title: "/home/jon/Documents/Project-VE3140-Fall/Ada_Drivers_Library/arch/ARM/cortex_m/src/cm4f/cortex_m_svd-fpu.ads:cortex_m_svd__fpu__cpacr_cp_fieldEQ__E21s.0" label: "E21s\n/home/jon/Documents/Project-VE3140-Fall/Ada_Drivers_Library/arch/ARM/cortex_m/src/cm4f/cortex_m_svd-fpu.ads:39:9\n24 bytes (static)" }
node: { title: "cortex_m_svd__fpu__cpacr_cp_fieldEQ" label: "Cpacr_Cp_Fieldeq\n/home/jon/Documents/Project-VE3140-Fall/Ada_Drivers_Library/arch/ARM/cortex_m/src/cm4f/cortex_m_svd-fpu.ads:39:9\n32 bytes (static)" }
edge: { sourcename: "cortex_m_svd__fpu__cpacr_cp_fieldEQ" targetname: "/home/jon/Documents/Project-VE3140-Fall/Ada_Drivers_Library/arch/ARM/cortex_m/src/cm4f/cortex_m_svd-fpu.ads:cortex_m_svd__fpu__cpacr_cp_fieldEQ__E21s.0" label: "/home/jon/Documents/Project-VE3140-Fall/Ada_Drivers_Library/arch/ARM/cortex_m/src/cm4f/cortex_m_svd-fpu.ads:39:9" }
node: { title: "cortex_m_svd__fpu__cpacr_cp_fieldIP" label: "Cpacr_Cp_Fieldip\n/home/jon/Documents/Project-VE3140-Fall/Ada_Drivers_Library/arch/ARM/cortex_m/src/cm4f/cortex_m_svd-fpu.ads:39:9\n24 bytes (static)" }
node: { title: "cortex_m_svd__fpu__cpacr_registerEQ" label: "Cpacr_Registereq\n/home/jon/Documents/Project-VE3140-Fall/Ada_Drivers_Library/arch/ARM/cortex_m/src/cm4f/cortex_m_svd-fpu.ads:59:4\n16 bytes (static)" }
node: { title: "__gnat_rcheck_PE_Unchecked_Union_Restriction" label: "gnat_rcheck_PE_Unchecked_Union_Restriction\n<built-in>" shape : ellipse }
edge: { sourcename: "cortex_m_svd__fpu__cpacr_registerEQ" targetname: "__gnat_rcheck_PE_Unchecked_Union_Restriction" label: "/home/jon/Documents/Project-VE3140-Fall/Ada_Drivers_Library/arch/ARM/cortex_m/src/cm4f/cortex_m_svd-fpu.ads:59:9" }
node: { title: "cortex_m_svd__fpu__cpacr_registerIP" label: "Cpacr_Registerip\n/home/jon/Documents/Project-VE3140-Fall/Ada_Drivers_Library/arch/ARM/cortex_m/src/cm4f/cortex_m_svd-fpu.ads:59:9\n16 bytes (static)" }
node: { title: "cortex_m_svd__fpu__fpccr_registerIP" label: "Fpccr_Registerip\n/home/jon/Documents/Project-VE3140-Fall/Ada_Drivers_Library/arch/ARM/cortex_m/src/cm4f/cortex_m_svd-fpu.ads:77:9\n16 bytes (static)" }
node: { title: "cortex_m_svd__fpu__fpcar_registerIP" label: "Fpcar_Registerip\n/home/jon/Documents/Project-VE3140-Fall/Ada_Drivers_Library/arch/ARM/cortex_m/src/cm4f/cortex_m_svd-fpu.ads:137:9\n16 bytes (static)" }
node: { title: "cortex_m_svd__fpu__fpdscr_registerIP" label: "Fpdscr_Registerip\n/home/jon/Documents/Project-VE3140-Fall/Ada_Drivers_Library/arch/ARM/cortex_m/src/cm4f/cortex_m_svd-fpu.ads:155:9\n16 bytes (static)" }
node: { title: "cortex_m_svd__fpu__fpu_peripheralEQ" label: "Fpu_Peripheraleq\n/home/jon/Documents/Project-VE3140-Fall/Ada_Drivers_Library/arch/ARM/cortex_m/src/cm4f/cortex_m_svd-fpu.ads:186:4\n16 bytes (static)" }
edge: { sourcename: "cortex_m_svd__fpu__fpu_peripheralEQ" targetname: "cortex_m_svd__fpu__cpacr_registerEQ" label: "/home/jon/Documents/Project-VE3140-Fall/Ada_Drivers_Library/arch/ARM/cortex_m/src/cm4f/cortex_m_svd-fpu.ads:186:9" }
node: { title: "cortex_m_svd__fpu__fpu_peripheralIP" label: "Fpu_Peripheralip\n/home/jon/Documents/Project-VE3140-Fall/Ada_Drivers_Library/arch/ARM/cortex_m/src/cm4f/cortex_m_svd-fpu.ads:186:9\n16 bytes (static)" }
edge: { sourcename: "cortex_m_svd__fpu__fpu_peripheralIP" targetname: "cortex_m_svd__fpu__cpacr_registerIP" label: "/home/jon/Documents/Project-VE3140-Fall/Ada_Drivers_Library/arch/ARM/cortex_m/src/cm4f/cortex_m_svd-fpu.ads:188:7" }
edge: { sourcename: "cortex_m_svd__fpu__fpu_peripheralIP" targetname: "cortex_m_svd__fpu__fpccr_registerIP" label: "/home/jon/Documents/Project-VE3140-Fall/Ada_Drivers_Library/arch/ARM/cortex_m/src/cm4f/cortex_m_svd-fpu.ads:190:7" }
edge: { sourcename: "cortex_m_svd__fpu__fpu_peripheralIP" targetname: "cortex_m_svd__fpu__fpcar_registerIP" label: "/home/jon/Documents/Project-VE3140-Fall/Ada_Drivers_Library/arch/ARM/cortex_m/src/cm4f/cortex_m_svd-fpu.ads:192:7" }
edge: { sourcename: "cortex_m_svd__fpu__fpu_peripheralIP" targetname: "cortex_m_svd__fpu__fpdscr_registerIP" label: "/home/jon/Documents/Project-VE3140-Fall/Ada_Drivers_Library/arch/ARM/cortex_m/src/cm4f/cortex_m_svd-fpu.ads:194:7" }
}
