graph: { title: "/home/jon/Documents/Project-VE3140-Fall/Ada_Drivers_Library/arch/ARM/cortex_m/src/fpu/cortex_m-fpu.adb"
node: { title: "cortex_m__fpu__rounding_modeH" label: "Rounding_Modeh\n/home/jon/Documents/Project-VE3140-Fall/Ada_Drivers_Library/arch/ARM/cortex_m/src/fpu/cortex_m-fpu.ads:53:9\n32 bytes (static)" }
node: { title: "cortex_m__fpu__status_control_registerIP" label: "Status_Control_Registerip\n/home/jon/Documents/Project-VE3140-Fall/Ada_Drivers_Library/arch/ARM/cortex_m/src/fpu/cortex_m-fpu.ads:63:9\n16 bytes (static)" }
node: { title: "cortex_m__fpu__sqrt" label: "Sqrt\n/home/jon/Documents/Project-VE3140-Fall/Ada_Drivers_Library/arch/ARM/cortex_m/src/fpu/cortex_m-fpu.adb:43:4\n24 bytes (static)" }
node: { title: "cortex_m__fpu__fpscr" label: "Fpscr\n/home/jon/Documents/Project-VE3140-Fall/Ada_Drivers_Library/arch/ARM/cortex_m/src/fpu/cortex_m-fpu.adb:57:4\n24 bytes (static)" }
}
