graph: { title: "D:\git-repos\Jon-Git\Project-VE3140-Fall\Ada_Drivers_Library\arch\ARM\cortex_m\src\cortex_m-hints.adb"
node: { title: "cortex_m__hints__yield" label: "Yield\nD:\git-repos\Jon-Git\Project-VE3140-Fall\Ada_Drivers_Library\arch\ARM\cortex_m\src\cortex_m-hints.adb:39:4\n4 bytes (static)" }
node: { title: "cortex_m__hints__send_event" label: "Send_Event\nD:\git-repos\Jon-Git\Project-VE3140-Fall\Ada_Drivers_Library\arch\ARM\cortex_m\src\cortex_m-hints.adb:48:4\n4 bytes (static)" }
node: { title: "cortex_m__hints__wait_for_event" label: "Wait_For_Event\nD:\git-repos\Jon-Git\Project-VE3140-Fall\Ada_Drivers_Library\arch\ARM\cortex_m\src\cortex_m-hints.adb:57:4\n4 bytes (static)" }
node: { title: "cortex_m__hints__wait_for_interrupt" label: "Wait_For_Interrupt\nD:\git-repos\Jon-Git\Project-VE3140-Fall\Ada_Drivers_Library\arch\ARM\cortex_m\src\cortex_m-hints.adb:66:4\n4 bytes (static)" }
}
