graph: { title: "/home/jon/Documents/Project-VE3140-Fall/Ada_Drivers_Library/components/src/io_expander/MCP23xxx/mcp23x08-i2c.adb"
edge: { sourcename: "mcp23x08__i2c__Tmcp23008_io_expanderCFD"
  targetname: "-9:mcp23x08__i2c__mcp23008_io_expander,mcp23x08__i2c__mcp23008_io_expander"
  label: "mcp23x08-i2c.ads:36:9"
}
class {
  classname: "mcp23x08__i2c__mcp23008_io_expander"
  label: "mcp23x08__i2c__mcp23008_io_expander\mcp23x08-i2c.ads:36:9"
  parent: "mcp23x08__mcp23x08_io_expander"
  virtuals: "13:mcp23x08__i2c__io_write__2,13:mcp23x08__mcp23x08_io_expander\n
             14:mcp23x08__i2c__io_read__2,14:mcp23x08__mcp23x08_io_expander\n
             -1:mcp23x08__i2c___size__2,-1:mcp23x08__mcp23x08_io_expander\n
             -10:mcp23x08__i2c__mcp23008_io_expanderPI__2,-10:mcp23x08__mcp23x08_io_expander\n
             -2:mcp23x08__i2c__mcp23008_io_expanderSR__2,-2:mcp23x08__mcp23x08_io_expander\n
             -3:mcp23x08__i2c__mcp23008_io_expanderSW__2,-3:mcp23x08__mcp23x08_io_expander\n
             -4:mcp23x08__i2c__mcp23008_io_expanderSI__2,-4:mcp23x08__mcp23x08_io_expander\n
             -5:mcp23x08__i2c__mcp23008_io_expanderSO__2,-5:mcp23x08__mcp23x08_io_expander\n
             -6:mcp23x08__i2c__Oeq__2,-6:mcp23x08__mcp23x08_io_expander\n
             -7:mcp23x08__i2c___assign__2,-7:mcp23x08__mcp23x08_io_expander\n
             -8:mcp23x08__i2c__mcp23008_io_expanderDA__2,-8:mcp23x08__mcp23x08_io_expander\n
             -9:mcp23x08__i2c__mcp23008_io_expanderDF__2,-9:mcp23x08__mcp23x08_io_expander"
}
edge: { sourcename: "mcp23x08__i2c__io_write__2"
  targetname: "3:hal__i2c__i2c_port,hal__i2c__i2c_port"
  label: "mcp23x08-i2c.adb:48:16"
}
edge: { sourcename: "mcp23x08__i2c__io_read__2"
  targetname: "4:hal__i2c__i2c_port,hal__i2c__i2c_port"
  label: "mcp23x08-i2c.adb:75:16"
}
node: { title: "mcp23x08__i2c__mcp23008_io_expanderIP" label: "Mcp23008_Io_Expanderip\n/home/jon/Documents/Project-VE3140-Fall/Ada_Drivers_Library/components/src/io_expander/MCP23xxx/mcp23x08-i2c.ads:42:9\n24 bytes (static)" }
node: { title: "mcp23x08__mcp23x08_io_expanderIP" label: "Mcp23x08_Io_Expanderip\n/home/jon/Documents/Project-VE3140-Fall/Ada_Drivers_Library/components/src/io_expander/MCP23xxx/mcp23x08.ads:165:9" shape : ellipse }
edge: { sourcename: "mcp23x08__i2c__mcp23008_io_expanderIP" targetname: "mcp23x08__mcp23x08_io_expanderIP" label: "/home/jon/Documents/Project-VE3140-Fall/Ada_Drivers_Library/components/src/io_expander/MCP23xxx/mcp23x08-i2c.ads:44:6" }
node: { title: "mcp23x08__i2c___size__2" label: "I2c\n/home/jon/Documents/Project-VE3140-Fall/Ada_Drivers_Library/components/src/io_expander/MCP23xxx/mcp23x08-i2c.ads:42:9\n16 bytes (static)" }
node: { title: "mcp23x08__i2c__mcp23008_io_expanderPI__2" label: "Mcp23008_Io_Expanderpi\n/home/jon/Documents/Project-VE3140-Fall/Ada_Drivers_Library/components/src/io_expander/MCP23xxx/mcp23x08-i2c.ads:42:9\n16 bytes (static)" }
node: { title: "system__put_images__put_image_unknown" label: "Put_Image_Unknown\n/home/jon/bin/GNAT/2021-arm-elf/arm-eabi/lib/gnat/ravenscar-full-nrf52833/gnat/s-putima.ads:106:14" shape : ellipse }
edge: { sourcename: "mcp23x08__i2c__mcp23008_io_expanderPI__2" targetname: "system__put_images__put_image_unknown" label: "/home/jon/Documents/Project-VE3140-Fall/Ada_Drivers_Library/components/src/io_expander/MCP23xxx/mcp23x08-i2c.ads:42:9" }
node: { title: "mcp23x08__i2c__mcp23008_io_expanderSR__2" label: "Mcp23008_Io_Expandersr\n/home/jon/Documents/Project-VE3140-Fall/Ada_Drivers_Library/components/src/io_expander/MCP23xxx/mcp23x08-i2c.ads:42:9\n24 bytes (static)" }
node: { title: "mcp23x08__mcp23x08_io_expanderSR" label: "Mcp23x08_Io_Expandersr\n/home/jon/Documents/Project-VE3140-Fall/Ada_Drivers_Library/components/src/io_expander/MCP23xxx/mcp23x08.ads:165:9" shape : ellipse }
edge: { sourcename: "mcp23x08__i2c__mcp23008_io_expanderSR__2" targetname: "mcp23x08__mcp23x08_io_expanderSR" label: "/home/jon/Documents/Project-VE3140-Fall/Ada_Drivers_Library/components/src/io_expander/MCP23xxx/mcp23x08-i2c.ads:42:9" }
node: { title: "mcp23x08__i2c__mcp23008_io_expanderSW__2" label: "Mcp23008_Io_Expandersw\n/home/jon/Documents/Project-VE3140-Fall/Ada_Drivers_Library/components/src/io_expander/MCP23xxx/mcp23x08-i2c.ads:42:9\n24 bytes (static)" }
node: { title: "mcp23x08__mcp23x08_io_expanderSW" label: "Mcp23x08_Io_Expandersw\n/home/jon/Documents/Project-VE3140-Fall/Ada_Drivers_Library/components/src/io_expander/MCP23xxx/mcp23x08.ads:165:9" shape : ellipse }
edge: { sourcename: "mcp23x08__i2c__mcp23008_io_expanderSW__2" targetname: "mcp23x08__mcp23x08_io_expanderSW" label: "/home/jon/Documents/Project-VE3140-Fall/Ada_Drivers_Library/components/src/io_expander/MCP23xxx/mcp23x08-i2c.ads:42:9" }
node: { title: "mcp23x08__i2c__mcp23008_io_expanderSI__2" label: "Mcp23008_Io_Expandersi\n/home/jon/Documents/Project-VE3140-Fall/Ada_Drivers_Library/components/src/io_expander/MCP23xxx/mcp23x08-i2c.ads:42:9\n136 bytes (static)" }
node: { title: "system__stream_attributes__i_as" label: "I_As\n/home/jon/bin/GNAT/2021-arm-elf/arm-eabi/lib/gnat/ravenscar-full-nrf52833/gnat/s-stratt.ads:108:13" shape : ellipse }
edge: { sourcename: "mcp23x08__i2c__mcp23008_io_expanderSI__2" targetname: "system__stream_attributes__i_as" label: "/home/jon/Documents/Project-VE3140-Fall/Ada_Drivers_Library/components/src/io_expander/MCP23xxx/mcp23x08-i2c.ads:42:9" }
node: { title: "system__stream_attributes__i_ssu" label: "I_Ssu\n/home/jon/bin/GNAT/2021-arm-elf/arm-eabi/lib/gnat/ravenscar-full-nrf52833/gnat/s-stratt.ads:128:13" shape : ellipse }
edge: { sourcename: "mcp23x08__i2c__mcp23008_io_expanderSI__2" targetname: "system__stream_attributes__i_ssu" label: "/home/jon/Documents/Project-VE3140-Fall/Ada_Drivers_Library/components/src/io_expander/MCP23xxx/mcp23x08-i2c.ads:42:9" }
edge: { sourcename: "mcp23x08__i2c__mcp23008_io_expanderSI__2" targetname: "mcp23x08__i2c__mcp23008_io_expanderIP" label: "/home/jon/Documents/Project-VE3140-Fall/Ada_Drivers_Library/components/src/io_expander/MCP23xxx/mcp23x08-i2c.ads:42:9" }
edge: { sourcename: "mcp23x08__i2c__mcp23008_io_expanderSI__2" targetname: "mcp23x08__i2c__mcp23008_io_expanderSR__2" label: "/home/jon/Documents/Project-VE3140-Fall/Ada_Drivers_Library/components/src/io_expander/MCP23xxx/mcp23x08-i2c.ads:42:9" }
node: { title: "system__secondary_stack__ss_allocate" label: "Ss_Allocate\n/home/jon/bin/GNAT/2021-arm-elf/arm-eabi/lib/gnat/ravenscar-full-nrf52833/gnat/s-secsta.ads:58:14" shape : ellipse }
edge: { sourcename: "mcp23x08__i2c__mcp23008_io_expanderSI__2" targetname: "system__secondary_stack__ss_allocate" label: "/home/jon/Documents/Project-VE3140-Fall/Ada_Drivers_Library/components/src/io_expander/MCP23xxx/mcp23x08-i2c.ads:42:9" }
node: { title: "memcpy" label: "builtin_memcpy\n<built-in>" shape : ellipse }
edge: { sourcename: "mcp23x08__i2c__mcp23008_io_expanderSI__2" targetname: "memcpy" }
node: { title: "mcp23x08__i2c__mcp23008_io_expanderSO__2" label: "Mcp23008_Io_Expanderso\n/home/jon/Documents/Project-VE3140-Fall/Ada_Drivers_Library/components/src/io_expander/MCP23xxx/mcp23x08-i2c.ads:42:9\n32 bytes (static)" }
node: { title: "system__stream_attributes__w_as" label: "W_As\n/home/jon/bin/GNAT/2021-arm-elf/arm-eabi/lib/gnat/ravenscar-full-nrf52833/gnat/s-stratt.ads:146:14" shape : ellipse }
edge: { sourcename: "mcp23x08__i2c__mcp23008_io_expanderSO__2" targetname: "system__stream_attributes__w_as" label: "/home/jon/Documents/Project-VE3140-Fall/Ada_Drivers_Library/components/src/io_expander/MCP23xxx/mcp23x08-i2c.ads:42:9" }
node: { title: "system__stream_attributes__w_ssu" label: "W_Ssu\n/home/jon/bin/GNAT/2021-arm-elf/arm-eabi/lib/gnat/ravenscar-full-nrf52833/gnat/s-stratt.ads:166:14" shape : ellipse }
edge: { sourcename: "mcp23x08__i2c__mcp23008_io_expanderSO__2" targetname: "system__stream_attributes__w_ssu" label: "/home/jon/Documents/Project-VE3140-Fall/Ada_Drivers_Library/components/src/io_expander/MCP23xxx/mcp23x08-i2c.ads:42:9" }
edge: { sourcename: "mcp23x08__i2c__mcp23008_io_expanderSO__2" targetname: "mcp23x08__i2c__mcp23008_io_expanderSW__2" label: "/home/jon/Documents/Project-VE3140-Fall/Ada_Drivers_Library/components/src/io_expander/MCP23xxx/mcp23x08-i2c.ads:42:9" }
node: { title: "mcp23x08__i2c__Oeq__2" label: "=\n/home/jon/Documents/Project-VE3140-Fall/Ada_Drivers_Library/components/src/io_expander/MCP23xxx/mcp23x08-i2c.ads:42:4\n16 bytes (static)" }
node: { title: "mcp23x08__Oeq__2" label: "=\n/home/jon/Documents/Project-VE3140-Fall/Ada_Drivers_Library/components/src/io_expander/MCP23xxx/mcp23x08.ads:165:9" shape : ellipse }
edge: { sourcename: "mcp23x08__i2c__Oeq__2" targetname: "mcp23x08__Oeq__2" label: "/home/jon/Documents/Project-VE3140-Fall/Ada_Drivers_Library/components/src/io_expander/MCP23xxx/mcp23x08-i2c.ads:42:9" }
node: { title: "mcp23x08__i2c___assign__2" label: "I2c\n/home/jon/Documents/Project-VE3140-Fall/Ada_Drivers_Library/components/src/io_expander/MCP23xxx/mcp23x08-i2c.ads:42:9\n448 bytes (static)" }
node: { title: "__gnat_rcheck_CE_Discriminant_Check" label: "gnat_rcheck_CE_Discriminant_Check\n<built-in>" shape : ellipse }
edge: { sourcename: "mcp23x08__i2c___assign__2" targetname: "__gnat_rcheck_CE_Discriminant_Check" label: "/home/jon/Documents/Project-VE3140-Fall/Ada_Drivers_Library/components/src/io_expander/MCP23xxx/mcp23x08-i2c.ads:42:9" }
edge: { sourcename: "mcp23x08__i2c___assign__2" targetname: "memcpy" }
node: { title: "mcp23x08__i2c__mcp23008_io_expanderDA__2" label: "Mcp23008_Io_Expanderda\n/home/jon/Documents/Project-VE3140-Fall/Ada_Drivers_Library/components/src/io_expander/MCP23xxx/mcp23x08-i2c.ads:42:9\n16 bytes (static)" }
node: { title: "mcp23x08__i2c__mcp23008_io_expanderDF__2" label: "Mcp23008_Io_Expanderdf\n/home/jon/Documents/Project-VE3140-Fall/Ada_Drivers_Library/components/src/io_expander/MCP23xxx/mcp23x08-i2c.ads:42:9\n16 bytes (static)" }
node: { title: "mcp23x08__i2c__Tmcp23008_io_expanderCFD" label: "Tmcp23008_Io_Expandercfd\n/home/jon/Documents/Project-VE3140-Fall/Ada_Drivers_Library/components/src/io_expander/MCP23xxx/mcp23x08-i2c.ads:36:9\n32 bytes (static)" }
node: { title: "__indirect_call" label: "Indirect Call Placeholder" shape : ellipse }
edge: { sourcename: "mcp23x08__i2c__Tmcp23008_io_expanderCFD" targetname: "__indirect_call" label: "/home/jon/Documents/Project-VE3140-Fall/Ada_Drivers_Library/components/src/io_expander/MCP23xxx/mcp23x08-i2c.ads:36:9" }
node: { title: "mcp23x08__i2c__finalize_spec" label: "Finalize_Spec\n/home/jon/Documents/Project-VE3140-Fall/Ada_Drivers_Library/components/src/io_expander/MCP23xxx/mcp23x08-i2c.ads:34:1\n8 bytes (static)" }
node: { title: "ada__tags__unregister_tag" label: "Unregister_Tag\n/home/jon/bin/GNAT/2021-arm-elf/arm-eabi/lib/gnat/ravenscar-full-nrf52833/gnat/a-tags.ads:589:14" shape : ellipse }
edge: { sourcename: "mcp23x08__i2c__finalize_spec" targetname: "ada__tags__unregister_tag" label: "/home/jon/Documents/Project-VE3140-Fall/Ada_Drivers_Library/components/src/io_expander/MCP23xxx/mcp23x08-i2c.ads:34:1" }
node: { title: "mcp23x08__i2c__io_write__2" label: "Io_Write\n/home/jon/Documents/Project-VE3140-Fall/Ada_Drivers_Library/components/src/io_expander/MCP23xxx/mcp23x08-i2c.adb:41:4\n72 bytes (static)" }
node: { title: "__gnat_rcheck_PE_Access_Before_Elaboration" label: "gnat_rcheck_PE_Access_Before_Elaboration\n<built-in>" shape : ellipse }
edge: { sourcename: "mcp23x08__i2c__io_write__2" targetname: "__gnat_rcheck_PE_Access_Before_Elaboration" label: "/home/jon/Documents/Project-VE3140-Fall/Ada_Drivers_Library/components/src/io_expander/MCP23xxx/mcp23x08-i2c.adb:41:4" }
node: { title: "__gnat_rcheck_CE_Access_Check" label: "gnat_rcheck_CE_Access_Check\n<built-in>" shape : ellipse }
edge: { sourcename: "mcp23x08__i2c__io_write__2" targetname: "__gnat_rcheck_CE_Access_Check" label: "/home/jon/Documents/Project-VE3140-Fall/Ada_Drivers_Library/components/src/io_expander/MCP23xxx/mcp23x08-i2c.adb:48:11" }
edge: { sourcename: "mcp23x08__i2c__io_write__2" targetname: "__indirect_call" label: "/home/jon/Documents/Project-VE3140-Fall/Ada_Drivers_Library/components/src/io_expander/MCP23xxx/mcp23x08-i2c.adb:48:16" }
node: { title: "__gnat_rcheck_PE_Explicit_Raise" label: "gnat_rcheck_PE_Explicit_Raise\n<built-in>" shape : ellipse }
edge: { sourcename: "mcp23x08__i2c__io_write__2" targetname: "__gnat_rcheck_PE_Explicit_Raise" label: "/home/jon/Documents/Project-VE3140-Fall/Ada_Drivers_Library/components/src/io_expander/MCP23xxx/mcp23x08-i2c.adb:58:10" }
node: { title: "mcp23x08__i2c__io_read__2" label: "Io_Read\n/home/jon/Documents/Project-VE3140-Fall/Ada_Drivers_Library/components/src/io_expander/MCP23xxx/mcp23x08-i2c.adb:67:4\n64 bytes (static)" }
edge: { sourcename: "mcp23x08__i2c__io_read__2" targetname: "__gnat_rcheck_PE_Access_Before_Elaboration" label: "/home/jon/Documents/Project-VE3140-Fall/Ada_Drivers_Library/components/src/io_expander/MCP23xxx/mcp23x08-i2c.adb:67:4" }
edge: { sourcename: "mcp23x08__i2c__io_read__2" targetname: "__gnat_rcheck_CE_Access_Check" label: "/home/jon/Documents/Project-VE3140-Fall/Ada_Drivers_Library/components/src/io_expander/MCP23xxx/mcp23x08-i2c.adb:75:11" }
edge: { sourcename: "mcp23x08__i2c__io_read__2" targetname: "__indirect_call" label: "/home/jon/Documents/Project-VE3140-Fall/Ada_Drivers_Library/components/src/io_expander/MCP23xxx/mcp23x08-i2c.adb:75:16" }
edge: { sourcename: "mcp23x08__i2c__io_read__2" targetname: "__gnat_rcheck_PE_Explicit_Raise" label: "/home/jon/Documents/Project-VE3140-Fall/Ada_Drivers_Library/components/src/io_expander/MCP23xxx/mcp23x08-i2c.adb:85:10" }
node: { title: "mcp23x08__i2c___elabb" label: "I2c\n/home/jon/Documents/Project-VE3140-Fall/Ada_Drivers_Library/components/src/io_expander/MCP23xxx/mcp23x08-i2c.adb:34:1\n4 bytes (static)" }
node: { title: "mcp23x08__i2c___elabs" label: "I2c\n/home/jon/Documents/Project-VE3140-Fall/Ada_Drivers_Library/components/src/io_expander/MCP23xxx/mcp23x08-i2c.ads:34:1\n8 bytes (static)" }
node: { title: "ada__tags__check_tsd" label: "Check_Tsd\n/home/jon/bin/GNAT/2021-arm-elf/arm-eabi/lib/gnat/ravenscar-full-nrf52833/gnat/a-tags.ads:466:14" shape : ellipse }
edge: { sourcename: "mcp23x08__i2c___elabs" targetname: "ada__tags__check_tsd" label: "/home/jon/Documents/Project-VE3140-Fall/Ada_Drivers_Library/components/src/io_expander/MCP23xxx/mcp23x08-i2c.ads:42:9" }
node: { title: "ada__tags__register_tag" label: "Register_Tag\n/home/jon/bin/GNAT/2021-arm-elf/arm-eabi/lib/gnat/ravenscar-full-nrf52833/gnat/a-tags.ads:553:14" shape : ellipse }
edge: { sourcename: "mcp23x08__i2c___elabs" targetname: "ada__tags__register_tag" label: "/home/jon/Documents/Project-VE3140-Fall/Ada_Drivers_Library/components/src/io_expander/MCP23xxx/mcp23x08-i2c.ads:42:9" }
}
