graph: { title: "D:\git-repos\Jon-Git\Project-VE3140-Fall\Ada_Drivers_Library\components\src\screen\pcd8544\pcd8544_reg.ads"
node: { title: "pcd8544_reg__pcd8544_function_registerIP" label: "Pcd8544_Function_Registerip\nD:\git-repos\Jon-Git\Project-VE3140-Fall\Ada_Drivers_Library\components\src\screen\pcd8544\pcd8544_reg.ads:50:9\n16 bytes (static)" }
node: { title: "pcd8544_reg__pcd8544_display_registerIP" label: "Pcd8544_Display_Registerip\nD:\git-repos\Jon-Git\Project-VE3140-Fall\Ada_Drivers_Library\components\src\screen\pcd8544\pcd8544_reg.ads:65:9\n16 bytes (static)" }
}
